<?xml version="1.0" encoding="utf-8"?><testsuites name="pytest tests"><testsuite name="pytest" errors="0" failures="0" skipped="0" tests="4" time="20.720" timestamp="2026-05-26T10:28:05.579001+08:00" hostname="DESKTOP-OBGEJ7U"><testcase classname="tests.test_google_page" name="test_google_homepage_title" time="5.556" /><testcase classname="tests.test_google_page" name="test_google_search_box_is_visible" time="5.446" /><testcase classname="tests.test_google_search" name="test_google_title" time="4.704" /><testcase classname="tests.test_google_search" name="test_google_search_box_exists" time="4.929" /></testsuite></testsuites>